---
---
---
apiVersion: rbac.authorization.k8s.io/v1
kind: Role
metadata:
  creationTimestamp: null
  labels:
    app.kubernetes.io/instance: redpanda-operator
    app.kubernetes.io/managed-by: Helm
    app.kubernetes.io/name: operator
    app.kubernetes.io/version: v2.1.18-23.3.13
    helm.sh/chart: operator-0.4.22
  name: redpanda-operator
rules:
- apiGroups:
  - ""
  resources:
  - persistentvolumeclaims
  verbs:
  - delete
  - get
  - list
  - patch
  - update
  - watch
- apiGroups:
  - ""
  resources:
  - pods
  verbs:
  - create
  - delete
  - get
  - list
  - patch
  - update
  - watch
- apiGroups:
  - apps
  resources:
  - deployments
  verbs:
  - create
  - delete
  - get
  - list
  - patch
  - update
  - watch
- apiGroups:
  - apps
  resources:
  - replicasets
  verbs:
  - create
  - delete
  - get
  - list
  - patch
  - update
  - watch
- apiGroups:
  - apps
  resources:
  - statefulsets
  verbs:
  - list
  - watch
  - create
  - delete
  - get
  - patch
  - update
- apiGroups:
  - apps
  resources:
  - statefulsets/status
  verbs:
  - patch
  - update
- apiGroups:
  - batch
  resources:
  - jobs
  verbs:
  - create
  - delete
  - get
  - list
  - patch
  - update
  - watch
- apiGroups:
  - cert-manager.io
  resources:
  - certificates
  verbs:
  - create
  - delete
  - get
  - patch
  - update
- apiGroups:
  - cert-manager.io
  resources:
  - issuers
  verbs:
  - create
  - delete
  - get
  - patch
  - update
- apiGroups:
  - cluster.redpanda.com
  resources:
  - redpandas
  verbs:
  - create
  - delete
  - get
  - list
  - patch
  - update
  - watch
- apiGroups:
  - cluster.redpanda.com
  resources:
  - redpandas/finalizers
  verbs:
  - update
- apiGroups:
  - cluster.redpanda.com
  resources:
  - redpandas/status
  verbs:
  - get
  - patch
  - update
- apiGroups:
  - coordination.k8s.io
  resources:
  - leases
  verbs:
  - create
  - delete
  - get
  - list
  - patch
  - update
  - watch
- apiGroups:
  - ""
  resources:
  - configmaps
  verbs:
  - create
  - delete
  - get
  - list
  - patch
  - update
  - watch
- apiGroups:
  - ""
  resources:
  - events
  verbs:
  - create
  - patch
- apiGroups:
  - ""
  resources:
  - secrets
  verbs:
  - create
  - delete
  - get
  - list
  - patch
  - update
  - watch
- apiGroups:
  - ""
  resources:
  - serviceaccounts
  verbs:
  - create
  - delete
  - get
  - list
  - patch
  - update
  - watch
- apiGroups:
  - ""
  resources:
  - pods
  verbs:
  - delete
  - get
  - list
  - patch
  - update
  - watch
- apiGroups:
  - ""
  resources:
  - pods/status
  verbs:
  - patch
  - update
- apiGroups:
  - ""
  resources:
  - services
  verbs:
  - create
  - delete
  - get
  - list
  - patch
  - update
  - watch
- apiGroups:
  - helm.toolkit.fluxcd.io
  resources:
  - helmreleases
  verbs:
  - create
  - delete
  - get
  - list
  - patch
  - update
  - watch
- apiGroups:
  - helm.toolkit.fluxcd.io
  resources:
  - helmreleases/finalizers
  verbs:
  - update
- apiGroups:
  - helm.toolkit.fluxcd.io
  resources:
  - helmreleases/status
  verbs:
  - get
  - patch
  - update
- apiGroups:
  - monitoring.coreos.com
  resources:
  - podmonitors
  verbs:
  - create
  - delete
  - get
  - list
  - patch
  - update
  - watch
- apiGroups:
  - monitoring.coreos.com
  resources:
  - servicemonitors
  verbs:
  - create
  - delete
  - get
  - list
  - patch
  - update
  - watch
- apiGroups:
  - networking.k8s.io
  resources:
  - ingresses
  verbs:
  - create
  - delete
  - get
  - list
  - patch
  - update
  - watch
- apiGroups:
  - policy
  resources:
  - poddisruptionbudgets
  verbs:
  - create
  - delete
  - get
  - list
  - patch
  - update
  - watch
- apiGroups:
  - rbac.authorization.k8s.io
  resources:
  - rolebindings
  verbs:
  - create
  - delete
  - get
  - list
  - patch
  - update
  - watch
- apiGroups:
  - rbac.authorization.k8s.io
  resources:
  - roles
  verbs:
  - create
  - delete
  - get
  - list
  - patch
  - update
  - watch
- apiGroups:
  - redpanda.vectorized.io
  resources:
  - clusters
  verbs:
  - get
  - list
  - patch
  - update
  - watch
- apiGroups:
  - redpanda.vectorized.io
  resources:
  - consoles
  verbs:
  - get
  - list
  - patch
  - update
  - watch
- apiGroups:
  - source.toolkit.fluxcd.io
  resources:
  - buckets
  verbs:
  - create
  - delete
  - get
  - list
  - patch
  - update
  - watch
- apiGroups:
  - source.toolkit.fluxcd.io
  resources:
  - gitrepositories
  verbs:
  - create
  - delete
  - get
  - list
  - patch
  - update
  - watch
- apiGroups:
  - source.toolkit.fluxcd.io
  resources:
  - gitrepository
  verbs:
  - create
  - delete
  - get
  - list
  - patch
  - update
  - watch
- apiGroups:
  - source.toolkit.fluxcd.io
  resources:
  - gitrepository/finalizers
  verbs:
  - create
  - delete
  - get
  - patch
  - update
- apiGroups:
  - source.toolkit.fluxcd.io
  resources:
  - gitrepository/status
  verbs:
  - get
  - patch
  - update
- apiGroups:
  - source.toolkit.fluxcd.io
  resources:
  - helmcharts
  verbs:
  - create
  - delete
  - get
  - list
  - patch
  - update
  - watch
- apiGroups:
  - source.toolkit.fluxcd.io
  resources:
  - helmcharts/finalizers
  verbs:
  - create
  - delete
  - get
  - patch
  - update
- apiGroups:
  - source.toolkit.fluxcd.io
  resources:
  - helmcharts/status
  verbs:
  - get
  - patch
  - update
- apiGroups:
  - source.toolkit.fluxcd.io
  resources:
  - helmrepositories
  verbs:
  - create
  - delete
  - get
  - list
  - patch
  - update
  - watch
- apiGroups:
  - source.toolkit.fluxcd.io
  resources:
  - helmrepositories/finalizers
  verbs:
  - create
  - delete
  - get
  - patch
  - update
- apiGroups:
  - source.toolkit.fluxcd.io
  resources:
  - helmrepositories/status
  verbs:
  - get
  - patch
  - update
- apiGroups:
  - cluster.redpanda.com
  resources:
  - topics
  verbs:
  - get
  - list
  - patch
  - update
  - watch
- apiGroups:
  - cluster.redpanda.com
  resources:
  - topics/finalizers
  verbs:
  - update
- apiGroups:
  - cluster.redpanda.com
  resources:
  - topics/status
  verbs:
  - get
  - patch
  - update
---
---
---
apiVersion: rbac.authorization.k8s.io/v1
kind: ClusterRole
metadata:
  creationTimestamp: null
  labels:
    app.kubernetes.io/instance: redpanda-operator
    app.kubernetes.io/managed-by: Helm
    app.kubernetes.io/name: operator
    app.kubernetes.io/version: v2.1.18-23.3.13
    helm.sh/chart: operator-0.4.22
  name: redpanda-operator-additional-controllers
rules:
- apiGroups:
  - ""
  resources:
  - nodes
  verbs:
  - get
  - list
  - watch
- apiGroups:
  - ""
  resources:
  - persistentvolumes
  verbs:
  - get
  - list
  - patch
  - update
  - watch
  - delete
---
---
---
apiVersion: rbac.authorization.k8s.io/v1
kind: ClusterRoleBinding
metadata:
  creationTimestamp: null
  labels:
    app.kubernetes.io/instance: redpanda-operator
    app.kubernetes.io/managed-by: Helm
    app.kubernetes.io/name: operator
    app.kubernetes.io/version: v2.1.18-23.3.13
    helm.sh/chart: operator-0.4.22
  name: redpanda-operator-additional-controllers
roleRef:
  apiGroup: rbac.authorization.k8s.io
  kind: ClusterRole
  name: redpanda-operator-additional-controllers
subjects:
- kind: ServiceAccount
  name: redpanda-operator
  namespace: default
---
---
---
apiVersion: rbac.authorization.k8s.io/v1
kind: Role
metadata:
  creationTimestamp: null
  labels:
    app.kubernetes.io/instance: redpanda-operator
    app.kubernetes.io/managed-by: Helm
    app.kubernetes.io/name: operator
    app.kubernetes.io/version: v2.1.18-23.3.13
    helm.sh/chart: operator-0.4.22
  name: redpanda-operator-election-role
rules:
- apiGroups:
  - ""
  - coordination.k8s.io
  resources:
  - leases
  verbs:
  - get
  - list
  - watch
  - create
  - update
  - patch
  - delete
---
---
---
apiVersion: rbac.authorization.k8s.io/v1
kind: RoleBinding
metadata:
  creationTimestamp: null
  labels:
    app.kubernetes.io/instance: redpanda-operator
    app.kubernetes.io/managed-by: Helm
    app.kubernetes.io/name: operator
    app.kubernetes.io/version: v2.1.18-23.3.13
    helm.sh/chart: operator-0.4.22
  name: redpanda-operator-election-rolebinding
roleRef:
  apiGroup: rbac.authorization.k8s.io
  kind: Role
  name: redpanda-operator-election-role
subjects:
- kind: ServiceAccount
  name: redpanda-operator
  namespace: default
---
---
---
apiVersion: rbac.authorization.k8s.io/v1
kind: ClusterRole
metadata:
  creationTimestamp: null
  labels:
    app.kubernetes.io/instance: redpanda-operator
    app.kubernetes.io/managed-by: Helm
    app.kubernetes.io/name: operator
    app.kubernetes.io/version: v2.1.18-23.3.13
    helm.sh/chart: operator-0.4.22
  name: redpanda-operator-metrics-reader
rules:
- nonResourceURLs:
  - /metrics
  verbs:
  - get
---
---
---
apiVersion: rbac.authorization.k8s.io/v1
kind: ClusterRole
metadata:
  creationTimestamp: null
  labels:
    app.kubernetes.io/instance: redpanda-operator
    app.kubernetes.io/managed-by: Helm
    app.kubernetes.io/name: operator
    app.kubernetes.io/version: v2.1.18-23.3.13
    helm.sh/chart: operator-0.4.22
  name: redpanda-operator-proxy-role
rules:
- apiGroups:
  - authentication.k8s.io
  resources:
  - tokenreviews
  verbs:
  - create
- apiGroups:
  - authorization.k8s.io
  resources:
  - subjectaccessreviews
  verbs:
  - create
---
---
---
apiVersion: rbac.authorization.k8s.io/v1
kind: ClusterRoleBinding
metadata:
  creationTimestamp: null
  labels:
    app.kubernetes.io/instance: redpanda-operator
    app.kubernetes.io/managed-by: Helm
    app.kubernetes.io/name: operator
    app.kubernetes.io/version: v2.1.18-23.3.13
    helm.sh/chart: operator-0.4.22
  name: redpanda-operator-proxy-role
roleRef:
  apiGroup: rbac.authorization.k8s.io
  kind: ClusterRole
  name: redpanda-operator-proxy-role
subjects:
- kind: ServiceAccount
  name: redpanda-operator
  namespace: default
---
---
---
apiVersion: rbac.authorization.k8s.io/v1
kind: Role
metadata:
  creationTimestamp: null
  labels:
    app.kubernetes.io/instance: redpanda-operator
    app.kubernetes.io/managed-by: Helm
    app.kubernetes.io/name: operator
    app.kubernetes.io/version: v2.1.18-23.3.13
    helm.sh/chart: operator-0.4.22
  name: redpanda-operator-pvc
rules:
- apiGroups:
  - ""
  resources:
  - persistentvolumeclaims
  verbs:
  - list
  - delete
---
---
---
apiVersion: rbac.authorization.k8s.io/v1
kind: RoleBinding
metadata:
  creationTimestamp: null
  labels:
    app.kubernetes.io/instance: redpanda-operator
    app.kubernetes.io/managed-by: Helm
    app.kubernetes.io/name: operator
    app.kubernetes.io/version: v2.1.18-23.3.13
    helm.sh/chart: operator-0.4.22
  name: redpanda-operator-pvc
roleRef:
  apiGroup: rbac.authorization.k8s.io
  kind: Role
  name: redpanda-operator-pvc
subjects:
- kind: ServiceAccount
  name: redpanda-operator
  namespace: default
---
---
---
apiVersion: rbac.authorization.k8s.io/v1
kind: ClusterRole
metadata:
  creationTimestamp: null
  labels:
    app.kubernetes.io/instance: redpanda-operator
    app.kubernetes.io/managed-by: Helm
    app.kubernetes.io/name: operator
    app.kubernetes.io/version: v2.1.18-23.3.13
    helm.sh/chart: operator-0.4.22
  name: redpanda-operator-rpk-bundle
rules:
- apiGroups:
  - rbac.authorization.k8s.io
  resources:
  - clusterrolebindings
  - clusterroles
  verbs:
  - create
  - get
  - delete
  - list
  - patch
  - update
  - watch
- apiGroups:
  - ""
  resources:
  - nodes
  - configmaps
  - endpoints
  - events
  - limitranges
  - persistentvolumeclaims
  - pods
  - pods/log
  - replicationcontrollers
  - resourcequotas
  - serviceaccounts
  - services
  verbs:
  - get
  - list
- apiGroups:
  - apiextensions.k8s.io
  resources:
  - customresourcedefinitions
  verbs:
  - get
  - list
---
---
---
apiVersion: rbac.authorization.k8s.io/v1
kind: ClusterRoleBinding
metadata:
  creationTimestamp: null
  labels:
    app.kubernetes.io/instance: redpanda-operator
    app.kubernetes.io/managed-by: Helm
    app.kubernetes.io/name: operator
    app.kubernetes.io/version: v2.1.18-23.3.13
    helm.sh/chart: operator-0.4.22
  name: redpanda-operator-rpk-bundle
roleRef:
  apiGroup: rbac.authorization.k8s.io
  kind: ClusterRole
  name: redpanda-operator-rpk-bundle
subjects:
- kind: ServiceAccount
  name: redpanda-operator
  namespace: default
