---
---
---
apiVersion: rbac.authorization.k8s.io/v1
kind: ClusterRole
metadata:
  creationTimestamp: null
  labels:
    app.kubernetes.io/instance: redpanda-operator
    app.kubernetes.io/managed-by: Helm
    app.kubernetes.io/name: operator
    app.kubernetes.io/version: v2.1.18-23.3.13
    helm.sh/chart: operator-0.4.22
  name: redpanda-operator
rules:
- apiGroups:
  - ""
  resources:
  - persistentvolumes
  verbs:
  - delete
  - get
  - list
  - patch
  - update
  - watch
- apiGroups:
  - apps
  resources:
  - deployments
  verbs:
  - create
  - delete
  - get
  - list
  - patch
  - update
  - watch
- apiGroups:
  - apps
  resources:
  - statefulsets
  verbs:
  - create
  - delete
  - get
  - list
  - patch
  - update
  - watch
- apiGroups:
  - cert-manager.io
  resources:
  - certificates
  - issuers
  verbs:
  - create
  - delete
  - get
  - list
  - patch
  - update
  - watch
- apiGroups:
  - cert-manager.io
  resources:
  - clusterissuers
  verbs:
  - create
  - delete
  - get
  - list
  - patch
  - update
  - watch
- apiGroups:
  - ""
  resources:
  - configmaps
  verbs:
  - create
  - delete
  - get
  - list
  - patch
  - update
  - watch
- apiGroups:
  - ""
  resources:
  - events
  verbs:
  - create
  - get
  - list
  - patch
  - update
  - watch
- apiGroups:
  - ""
  resources:
  - nodes
  verbs:
  - get
  - list
  - watch
- apiGroups:
  - ""
  resources:
  - persistentvolumeclaims
  verbs:
  - delete
  - get
  - list
  - watch
- apiGroups:
  - ""
  resources:
  - pods
  verbs:
  - delete
  - get
  - list
  - update
  - watch
- apiGroups:
  - ""
  resources:
  - pods/finalizers
  verbs:
  - update
- apiGroups:
  - ""
  resources:
  - pods/status
  verbs:
  - patch
  - update
- apiGroups:
  - ""
  resources:
  - secrets
  verbs:
  - create
  - get
  - list
  - patch
  - update
  - watch
- apiGroups:
  - ""
  resources:
  - serviceaccounts
  verbs:
  - create
  - get
  - list
  - patch
  - update
  - watch
- apiGroups:
  - ""
  resources:
  - services
  verbs:
  - create
  - get
  - list
  - patch
  - update
  - watch
- apiGroups:
  - networking.k8s.io
  resources:
  - ingresses
  verbs:
  - create
  - delete
  - get
  - list
  - patch
  - update
  - watch
- apiGroups:
  - policy
  resources:
  - poddisruptionbudgets
  verbs:
  - create
  - delete
  - get
  - list
  - patch
  - update
  - watch
- apiGroups:
  - rbac.authorization.k8s.io
  resources:
  - clusterrolebindings
  - clusterroles
  verbs:
  - create
  - get
  - list
  - patch
  - update
  - watch
- apiGroups:
  - redpanda.vectorized.io
  resources:
  - clusters
  verbs:
  - create
  - delete
  - get
  - list
  - patch
  - update
  - watch
- apiGroups:
  - redpanda.vectorized.io
  resources:
  - clusters/finalizers
  verbs:
  - update
- apiGroups:
  - redpanda.vectorized.io
  resources:
  - clusters/status
  verbs:
  - get
  - patch
  - update
- apiGroups:
  - redpanda.vectorized.io
  resources:
  - consoles
  verbs:
  - create
  - delete
  - get
  - list
  - patch
  - update
  - watch
- apiGroups:
  - redpanda.vectorized.io
  resources:
  - consoles/finalizers
  verbs:
  - update
- apiGroups:
  - redpanda.vectorized.io
  resources:
  - consoles/status
  verbs:
  - get
  - patch
  - update
- apiGroups:
  - cluster.redpanda.com
  resources:
  - topics
  verbs:
  - get
  - list
  - patch
  - update
  - watch
- apiGroups:
  - cluster.redpanda.com
  resources:
  - topics/finalizers
  verbs:
  - update
- apiGroups:
  - cluster.redpanda.com
  resources:
  - topics/status
  verbs:
  - get
  - patch
  - update
---
---
---
apiVersion: rbac.authorization.k8s.io/v1
kind: ClusterRoleBinding
metadata:
  creationTimestamp: null
  labels:
    app.kubernetes.io/instance: redpanda-operator
    app.kubernetes.io/managed-by: Helm
    app.kubernetes.io/name: operator
    app.kubernetes.io/version: v2.1.18-23.3.13
    helm.sh/chart: operator-0.4.22
  name: redpanda-operator
roleRef:
  apiGroup: rbac.authorization.k8s.io
  kind: ClusterRole
  name: redpanda-operator
subjects:
- kind: ServiceAccount
  name: redpanda-operator
  namespace: default
---
---
---
apiVersion: rbac.authorization.k8s.io/v1
kind: Role
metadata:
  creationTimestamp: null
  labels:
    app.kubernetes.io/instance: redpanda-operator
    app.kubernetes.io/managed-by: Helm
    app.kubernetes.io/name: operator
    app.kubernetes.io/version: v2.1.18-23.3.13
    helm.sh/chart: operator-0.4.22
  name: redpanda-operator-election-role
rules:
- apiGroups:
  - ""
  - coordination.k8s.io
  resources:
  - leases
  verbs:
  - get
  - list
  - watch
  - create
  - update
  - patch
  - delete
---
---
---
apiVersion: rbac.authorization.k8s.io/v1
kind: ClusterRole
metadata:
  creationTimestamp: null
  labels:
    app.kubernetes.io/instance: redpanda-operator
    app.kubernetes.io/managed-by: Helm
    app.kubernetes.io/name: operator
    app.kubernetes.io/version: v2.1.18-23.3.13
    helm.sh/chart: operator-0.4.22
  name: redpanda-operator-metrics-reader
rules:
- nonResourceURLs:
  - /metrics
  verbs:
  - get
---
---
---
apiVersion: rbac.authorization.k8s.io/v1
kind: ClusterRole
metadata:
  creationTimestamp: null
  labels:
    app.kubernetes.io/instance: redpanda-operator
    app.kubernetes.io/managed-by: Helm
    app.kubernetes.io/name: operator
    app.kubernetes.io/version: v2.1.18-23.3.13
    helm.sh/chart: operator-0.4.22
  name: redpanda-operator-proxy-role
rules:
- apiGroups:
  - authentication.k8s.io
  resources:
  - tokenreviews
  verbs:
  - create
- apiGroups:
  - authorization.k8s.io
  resources:
  - subjectaccessreviews
  verbs:
  - create
---
---
---
apiVersion: rbac.authorization.k8s.io/v1
kind: ClusterRoleBinding
metadata:
  creationTimestamp: null
  labels:
    app.kubernetes.io/instance: redpanda-operator
    app.kubernetes.io/managed-by: Helm
    app.kubernetes.io/name: operator
    app.kubernetes.io/version: v2.1.18-23.3.13
    helm.sh/chart: operator-0.4.22
  name: redpanda-operator-proxy-role
roleRef:
  apiGroup: rbac.authorization.k8s.io
  kind: ClusterRole
  name: redpanda-operator-proxy-role
subjects:
- kind: ServiceAccount
  name: redpanda-operator
  namespace: default
---
---
---
apiVersion: rbac.authorization.k8s.io/v1
kind: Role
metadata:
  creationTimestamp: null
  labels:
    app.kubernetes.io/instance: redpanda-operator
    app.kubernetes.io/managed-by: Helm
    app.kubernetes.io/name: operator
    app.kubernetes.io/version: v2.1.18-23.3.13
    helm.sh/chart: operator-0.4.22
  name: redpanda-operator-pvc
rules:
- apiGroups:
  - ""
  resources:
  - persistentvolumeclaims
  verbs:
  - list
  - delete
---
---
---
apiVersion: rbac.authorization.k8s.io/v1
kind: RoleBinding
metadata:
  creationTimestamp: null
  labels:
    app.kubernetes.io/instance: redpanda-operator
    app.kubernetes.io/managed-by: Helm
    app.kubernetes.io/name: operator
    app.kubernetes.io/version: v2.1.18-23.3.13
    helm.sh/chart: operator-0.4.22
  name: redpanda-operator-pvc
roleRef:
  apiGroup: rbac.authorization.k8s.io
  kind: Role
  name: redpanda-operator-pvc
subjects:
- kind: ServiceAccount
  name: redpanda-operator
  namespace: default
